C51 COMPILER V9.60.0.0   MAIN_TASK                                                         06/23/2022 15:22:21 PAGE 1   


C51 COMPILER V9.60.0.0, COMPILATION OF MODULE MAIN_TASK
OBJECT MODULE PLACED IN .\Objects\main_task.obj
COMPILER INVOKED BY: D:\Keil_v5_c51\C51\BIN\C51.EXE App\main_task.c OPTIMIZE(8,SPEED) BROWSE INCDIR(.\Bsp;.\Bsp\disp_i2c
                    -;.\Bsp\pcf8576c) DEBUG OBJECTEXTEND PRINT(.\Listings\main_task.lst) TABS(2) OBJECT(.\Objects\main_task.obj)

line level    source

   1          #include <string.h>
   2          #include "STC8H.h"
   3          #include "my_type.h"
   4          #include "disp_iic.h"
   5          #include "lcd_watch.h"
   6          #include "pcf8576c.h"
   7          
   8          /****************变量定义*****************************/
   9          _flag            xdata  ucFlag;                     /* 标志位变量 */
  10          
  11          
  12          
  13          _disp_buff_st xdata dispBuff;
  14          
  15          uint16_t xdata  displayCount;
  16          uint16_t xdata  displayNum;
  17          
  18          extern void timer1_init(void);
  19          /*******************************************
  20          函数名称：cycle_delay
  21          功    能：10ms周期实现函数
  22          参    数：无
  23          返回值  ：无
  24          ********************************************/
  25          static void cycle_delay(void)
  26          {
  27   1          while(ucFlag.BIT.CYCLE_FLAG != SET){
  28   2      
  29   2          }
  30   1          ucFlag.BIT.CYCLE_FLAG = CLR;
  31   1      }
  32          
  33          
  34          
  35          
  36          static void display_handle(void)
  37          {
  38   1          uint8_t i;
  39   1          displayCount++;
  40   1          if(displayCount > 50){ //500ms 切换下一个显示
  41   2              displayCount = 0;
  42   2          
  43   2              displayNum++;  //显示的编号
  44   2              if(displayNum > 29){
  45   3                  displayNum = 0;
  46   3              }
  47   2          }
  48   1          
  49   1          
  50   1          memset(&dispBuff,0,sizeof(_disp_buff_st));
  51   1          //-----显示赋值---
  52   1          //如 显示1 =》 dispBuff.grid_data[i] = 1;
  53   1          //   显示A =》 dispBuff.grid_data[i] = LED_SIGE_A;
  54   1          //   显示E =》 dispBuff.grid_data[i] = LED_SIGE_E;
C51 COMPILER V9.60.0.0   MAIN_TASK                                                         06/23/2022 15:22:21 PAGE 2   

  55   1          //   不显示 =》 dispBuff.grid_data[i] = LED_SIGE_OFF;
  56   1          for(i=0;i<18;i++){
  57   2              dispBuff.grid_data[i] = displayNum; 
  58   2          }
  59   1        
  60   1          
  61   1         
  62   1          if(displayNum%2){
  63   2              dispBuff.sec_flash = 1;  // == 1   秒冒号显示    
  64   2              dispBuff.iconMonth = 1;    // == 1   月日显示         
  65   2              dispBuff.iconFace = 1;     // == 1   笑脸显示
  66   2              dispBuff.iconFlower = 1;   // == 1   花显示
  67   2              dispBuff.iconStep = 1;     // == 1   步显示
  68   2          }else{
  69   2              dispBuff.sec_flash = 0;
  70   2          }
  71   1          
  72   1          
  73   1          
  74   1          
  75   1          
  76   1          
  77   1          //驱动调用
  78   1          drive_lcd_09inch(dispBuff);
  79   1      }
  80          
  81          static void all_congfig(void)
  82          { 
  83   1      
  84   1          INTCLKO = 0x40;
  85   1          ucFlag.BYTE = 0;
  86   1         
  87   1          init_display_iic_gpio();  //显示端口初始化
  88   1      
  89   1          timer1_init(); //1ms定时基础
  90   1          EA = 1;     //打开总中断
  91   1      }
  92          
  93          
  94          
  95          int main(void)
  96          {     
  97   1          all_congfig();
  98   1      
  99   1          while(1)
 100   1          {   
 101   2              //----------10ms循环一次主函数---------------
 102   2              cycle_delay();
 103   2      
 104   2              display_handle();
 105   2      
 106   2         }
 107   1      }
 108          
 109          
 110          


MODULE INFORMATION:   STATIC OVERLAYABLE
   CODE SIZE        =    209    ----
   CONSTANT SIZE    =   ----    ----
   XDATA SIZE       =     29    ----
C51 COMPILER V9.60.0.0   MAIN_TASK                                                         06/23/2022 15:22:21 PAGE 3   

   PDATA SIZE       =   ----    ----
   DATA SIZE        =   ----    ----
   IDATA SIZE       =   ----    ----
   BIT SIZE         =   ----    ----
END OF MODULE INFORMATION.


C51 COMPILATION COMPLETE.  0 WARNING(S),  0 ERROR(S)
